Determining if the __GLIBC__ exist failed with the following output:
Change Dir: /home/runner/work/MightyMike-Android/MightyMike-Android/android/app/.cxx/Debug/1h5k5w5j/arm64-v8a/CMakeFiles/CMakeTmp

Run Build Command(s):/usr/local/lib/android/sdk/cmake/3.22.1/bin/ninja cmTC_ed006 && [1/2] Building C object CMakeFiles/cmTC_ed006.dir/CheckSymbolExists.c.o
FAILED: CMakeFiles/cmTC_ed006.dir/CheckSymbolExists.c.o 
/usr/local/lib/android/sdk/ndk/27.2.12479018/toolchains/llvm/prebuilt/linux-x86_64/bin/clang --target=aarch64-none-linux-android24 --sysroot=/usr/local/lib/android/sdk/ndk/27.2.12479018/toolchains/llvm/prebuilt/linux-x86_64/sysroot   -g -DANDROID -fdata-sections -ffunction-sections -funwind-tables -fstack-protector-strong -no-canonical-prefixes -D_FORTIFY_SOURCE=2 -Wformat -Werror=format-security   -D_GNU_SOURCE=1 -fPIE -MD -MT CMakeFiles/cmTC_ed006.dir/CheckSymbolExists.c.o -MF CMakeFiles/cmTC_ed006.dir/CheckSymbolExists.c.o.d -o CMakeFiles/cmTC_ed006.dir/CheckSymbolExists.c.o -c /home/runner/work/MightyMike-Android/MightyMike-Android/android/app/.cxx/Debug/1h5k5w5j/arm64-v8a/CMakeFiles/CMakeTmp/CheckSymbolExists.c
/home/runner/work/MightyMike-Android/MightyMike-Android/android/app/.cxx/Debug/1h5k5w5j/arm64-v8a/CMakeFiles/CMakeTmp/CheckSymbolExists.c:8:19: error: use of undeclared identifier '__GLIBC__'
    8 |   return ((int*)(&__GLIBC__))[argc];
      |                   ^
1 error generated.
ninja: build stopped: subcommand failed.


File /home/runner/work/MightyMike-Android/MightyMike-Android/android/app/.cxx/Debug/1h5k5w5j/arm64-v8a/CMakeFiles/CMakeTmp/CheckSymbolExists.c:
/* */
#include <stdlib.h>

int main(int argc, char** argv)
{
  (void)argv;
#ifndef __GLIBC__
  return ((int*)(&__GLIBC__))[argc];
#else
  (void)argc;
  return 0;
#endif
}
Determining if the _i64toa exist failed with the following output:
Change Dir: /home/runner/work/MightyMike-Android/MightyMike-Android/android/app/.cxx/Debug/1h5k5w5j/arm64-v8a/CMakeFiles/CMakeTmp

Run Build Command(s):/usr/local/lib/android/sdk/cmake/3.22.1/bin/ninja cmTC_b2c67 && [1/2] Building C object CMakeFiles/cmTC_b2c67.dir/CheckSymbolExists.c.o
FAILED: CMakeFiles/cmTC_b2c67.dir/CheckSymbolExists.c.o 
/usr/local/lib/android/sdk/ndk/27.2.12479018/toolchains/llvm/prebuilt/linux-x86_64/bin/clang --target=aarch64-none-linux-android24 --sysroot=/usr/local/lib/android/sdk/ndk/27.2.12479018/toolchains/llvm/prebuilt/linux-x86_64/sysroot   -g -DANDROID -fdata-sections -ffunction-sections -funwind-tables -fstack-protector-strong -no-canonical-prefixes -D_FORTIFY_SOURCE=2 -Wformat -Werror=format-security   -D_GNU_SOURCE=1 -fPIE -MD -MT CMakeFiles/cmTC_b2c67.dir/CheckSymbolExists.c.o -MF CMakeFiles/cmTC_b2c67.dir/CheckSymbolExists.c.o.d -o CMakeFiles/cmTC_b2c67.dir/CheckSymbolExists.c.o -c /home/runner/work/MightyMike-Android/MightyMike-Android/android/app/.cxx/Debug/1h5k5w5j/arm64-v8a/CMakeFiles/CMakeTmp/CheckSymbolExists.c
/home/runner/work/MightyMike-Android/MightyMike-Android/android/app/.cxx/Debug/1h5k5w5j/arm64-v8a/CMakeFiles/CMakeTmp/CheckSymbolExists.c:26:19: error: use of undeclared identifier '_i64toa'
   26 |   return ((int*)(&_i64toa))[argc];
      |                   ^
1 error generated.
ninja: build stopped: subcommand failed.


File /home/runner/work/MightyMike-Android/MightyMike-Android/android/app/.cxx/Debug/1h5k5w5j/arm64-v8a/CMakeFiles/CMakeTmp/CheckSymbolExists.c:
/* */
#include <float.h>
#include <iconv.h>
#include <inttypes.h>
#include <limits.h>
#include <malloc.h>
#include <math.h>
#include <memory.h>
#include <signal.h>
#include <stdarg.h>
#include <stdbool.h>
#include <stddef.h>
#include <stdint.h>
#include <stdio.h>
#include <stdlib.h>
#include <string.h>
#include <strings.h>
#include <sys/types.h>
#include <time.h>
#include <wchar.h>

int main(int argc, char** argv)
{
  (void)argv;
#ifndef _i64toa
  return ((int*)(&_i64toa))[argc];
#else
  (void)argc;
  return 0;
#endif
}
Determining if the index exist failed with the following output:
Change Dir: /home/runner/work/MightyMike-Android/MightyMike-Android/android/app/.cxx/Debug/1h5k5w5j/arm64-v8a/CMakeFiles/CMakeTmp

Run Build Command(s):/usr/local/lib/android/sdk/cmake/3.22.1/bin/ninja cmTC_94165 && [1/2] Building C object CMakeFiles/cmTC_94165.dir/CheckSymbolExists.c.o
FAILED: CMakeFiles/cmTC_94165.dir/CheckSymbolExists.c.o 
/usr/local/lib/android/sdk/ndk/27.2.12479018/toolchains/llvm/prebuilt/linux-x86_64/bin/clang --target=aarch64-none-linux-android24 --sysroot=/usr/local/lib/android/sdk/ndk/27.2.12479018/toolchains/llvm/prebuilt/linux-x86_64/sysroot   -g -DANDROID -fdata-sections -ffunction-sections -funwind-tables -fstack-protector-strong -no-canonical-prefixes -D_FORTIFY_SOURCE=2 -Wformat -Werror=format-security   -D_GNU_SOURCE=1 -fPIE -MD -MT CMakeFiles/cmTC_94165.dir/CheckSymbolExists.c.o -MF CMakeFiles/cmTC_94165.dir/CheckSymbolExists.c.o.d -o CMakeFiles/cmTC_94165.dir/CheckSymbolExists.c.o -c /home/runner/work/MightyMike-Android/MightyMike-Android/android/app/.cxx/Debug/1h5k5w5j/arm64-v8a/CMakeFiles/CMakeTmp/CheckSymbolExists.c
/home/runner/work/MightyMike-Android/MightyMike-Android/android/app/.cxx/Debug/1h5k5w5j/arm64-v8a/CMakeFiles/CMakeTmp/CheckSymbolExists.c:26:19: error: call to undeclared library function 'index' with type 'char *(const char *, int)'; ISO C99 and later do not support implicit function declarations [-Wimplicit-function-declaration]
   26 |   return ((int*)(&index))[argc];
      |                   ^
/home/runner/work/MightyMike-Android/MightyMike-Android/android/app/.cxx/Debug/1h5k5w5j/arm64-v8a/CMakeFiles/CMakeTmp/CheckSymbolExists.c:26:19: note: include the header <strings.h> or explicitly provide a declaration for 'index'
1 error generated.
ninja: build stopped: subcommand failed.


File /home/runner/work/MightyMike-Android/MightyMike-Android/android/app/.cxx/Debug/1h5k5w5j/arm64-v8a/CMakeFiles/CMakeTmp/CheckSymbolExists.c:
/* */
#include <float.h>
#include <iconv.h>
#include <inttypes.h>
#include <limits.h>
#include <malloc.h>
#include <math.h>
#include <memory.h>
#include <signal.h>
#include <stdarg.h>
#include <stdbool.h>
#include <stddef.h>
#include <stdint.h>
#include <stdio.h>
#include <stdlib.h>
#include <string.h>
#include <strings.h>
#include <sys/types.h>
#include <time.h>
#include <wchar.h>

int main(int argc, char** argv)
{
  (void)argv;
#ifndef index
  return ((int*)(&index))[argc];
#else
  (void)argc;
  return 0;
#endif
}
Determining if the itoa exist failed with the following output:
Change Dir: /home/runner/work/MightyMike-Android/MightyMike-Android/android/app/.cxx/Debug/1h5k5w5j/arm64-v8a/CMakeFiles/CMakeTmp

Run Build Command(s):/usr/local/lib/android/sdk/cmake/3.22.1/bin/ninja cmTC_c91cf && [1/2] Building C object CMakeFiles/cmTC_c91cf.dir/CheckSymbolExists.c.o
FAILED: CMakeFiles/cmTC_c91cf.dir/CheckSymbolExists.c.o 
/usr/local/lib/android/sdk/ndk/27.2.12479018/toolchains/llvm/prebuilt/linux-x86_64/bin/clang --target=aarch64-none-linux-android24 --sysroot=/usr/local/lib/android/sdk/ndk/27.2.12479018/toolchains/llvm/prebuilt/linux-x86_64/sysroot   -g -DANDROID -fdata-sections -ffunction-sections -funwind-tables -fstack-protector-strong -no-canonical-prefixes -D_FORTIFY_SOURCE=2 -Wformat -Werror=format-security   -D_GNU_SOURCE=1 -fPIE -MD -MT CMakeFiles/cmTC_c91cf.dir/CheckSymbolExists.c.o -MF CMakeFiles/cmTC_c91cf.dir/CheckSymbolExists.c.o.d -o CMakeFiles/cmTC_c91cf.dir/CheckSymbolExists.c.o -c /home/runner/work/MightyMike-Android/MightyMike-Android/android/app/.cxx/Debug/1h5k5w5j/arm64-v8a/CMakeFiles/CMakeTmp/CheckSymbolExists.c
/home/runner/work/MightyMike-Android/MightyMike-Android/android/app/.cxx/Debug/1h5k5w5j/arm64-v8a/CMakeFiles/CMakeTmp/CheckSymbolExists.c:26:19: error: use of undeclared identifier 'itoa'
   26 |   return ((int*)(&itoa))[argc];
      |                   ^
1 error generated.
ninja: build stopped: subcommand failed.


File /home/runner/work/MightyMike-Android/MightyMike-Android/android/app/.cxx/Debug/1h5k5w5j/arm64-v8a/CMakeFiles/CMakeTmp/CheckSymbolExists.c:
/* */
#include <float.h>
#include <iconv.h>
#include <inttypes.h>
#include <limits.h>
#include <malloc.h>
#include <math.h>
#include <memory.h>
#include <signal.h>
#include <stdarg.h>
#include <stdbool.h>
#include <stddef.h>
#include <stdint.h>
#include <stdio.h>
#include <stdlib.h>
#include <string.h>
#include <strings.h>
#include <sys/types.h>
#include <time.h>
#include <wchar.h>

int main(int argc, char** argv)
{
  (void)argv;
#ifndef itoa
  return ((int*)(&itoa))[argc];
#else
  (void)argc;
  return 0;
#endif
}
Determining if the _ltoa exist failed with the following output:
Change Dir: /home/runner/work/MightyMike-Android/MightyMike-Android/android/app/.cxx/Debug/1h5k5w5j/arm64-v8a/CMakeFiles/CMakeTmp

Run Build Command(s):/usr/local/lib/android/sdk/cmake/3.22.1/bin/ninja cmTC_ac710 && [1/2] Building C object CMakeFiles/cmTC_ac710.dir/CheckSymbolExists.c.o
FAILED: CMakeFiles/cmTC_ac710.dir/CheckSymbolExists.c.o 
/usr/local/lib/android/sdk/ndk/27.2.12479018/toolchains/llvm/prebuilt/linux-x86_64/bin/clang --target=aarch64-none-linux-android24 --sysroot=/usr/local/lib/android/sdk/ndk/27.2.12479018/toolchains/llvm/prebuilt/linux-x86_64/sysroot   -g -DANDROID -fdata-sections -ffunction-sections -funwind-tables -fstack-protector-strong -no-canonical-prefixes -D_FORTIFY_SOURCE=2 -Wformat -Werror=format-security   -D_GNU_SOURCE=1 -fPIE -MD -MT CMakeFiles/cmTC_ac710.dir/CheckSymbolExists.c.o -MF CMakeFiles/cmTC_ac710.dir/CheckSymbolExists.c.o.d -o CMakeFiles/cmTC_ac710.dir/CheckSymbolExists.c.o -c /home/runner/work/MightyMike-Android/MightyMike-Android/android/app/.cxx/Debug/1h5k5w5j/arm64-v8a/CMakeFiles/CMakeTmp/CheckSymbolExists.c
/home/runner/work/MightyMike-Android/MightyMike-Android/android/app/.cxx/Debug/1h5k5w5j/arm64-v8a/CMakeFiles/CMakeTmp/CheckSymbolExists.c:26:19: error: use of undeclared identifier '_ltoa'
   26 |   return ((int*)(&_ltoa))[argc];
      |                   ^
1 error generated.
ninja: build stopped: subcommand failed.


File /home/runner/work/MightyMike-Android/MightyMike-Android/android/app/.cxx/Debug/1h5k5w5j/arm64-v8a/CMakeFiles/CMakeTmp/CheckSymbolExists.c:
/* */
#include <float.h>
#include <iconv.h>
#include <inttypes.h>
#include <limits.h>
#include <malloc.h>
#include <math.h>
#include <memory.h>
#include <signal.h>
#include <stdarg.h>
#include <stdbool.h>
#include <stddef.h>
#include <stdint.h>
#include <stdio.h>
#include <stdlib.h>
#include <string.h>
#include <strings.h>
#include <sys/types.h>
#include <time.h>
#include <wchar.h>

int main(int argc, char** argv)
{
  (void)argv;
#ifndef _ltoa
  return ((int*)(&_ltoa))[argc];
#else
  (void)argc;
  return 0;
#endif
}
Determining if the rindex exist failed with the following output:
Change Dir: /home/runner/work/MightyMike-Android/MightyMike-Android/android/app/.cxx/Debug/1h5k5w5j/arm64-v8a/CMakeFiles/CMakeTmp

Run Build Command(s):/usr/local/lib/android/sdk/cmake/3.22.1/bin/ninja cmTC_634a8 && [1/2] Building C object CMakeFiles/cmTC_634a8.dir/CheckSymbolExists.c.o
FAILED: CMakeFiles/cmTC_634a8.dir/CheckSymbolExists.c.o 
/usr/local/lib/android/sdk/ndk/27.2.12479018/toolchains/llvm/prebuilt/linux-x86_64/bin/clang --target=aarch64-none-linux-android24 --sysroot=/usr/local/lib/android/sdk/ndk/27.2.12479018/toolchains/llvm/prebuilt/linux-x86_64/sysroot   -g -DANDROID -fdata-sections -ffunction-sections -funwind-tables -fstack-protector-strong -no-canonical-prefixes -D_FORTIFY_SOURCE=2 -Wformat -Werror=format-security   -D_GNU_SOURCE=1 -fPIE -MD -MT CMakeFiles/cmTC_634a8.dir/CheckSymbolExists.c.o -MF CMakeFiles/cmTC_634a8.dir/CheckSymbolExists.c.o.d -o CMakeFiles/cmTC_634a8.dir/CheckSymbolExists.c.o -c /home/runner/work/MightyMike-Android/MightyMike-Android/android/app/.cxx/Debug/1h5k5w5j/arm64-v8a/CMakeFiles/CMakeTmp/CheckSymbolExists.c
/home/runner/work/MightyMike-Android/MightyMike-Android/android/app/.cxx/Debug/1h5k5w5j/arm64-v8a/CMakeFiles/CMakeTmp/CheckSymbolExists.c:26:19: error: call to undeclared library function 'rindex' with type 'char *(const char *, int)'; ISO C99 and later do not support implicit function declarations [-Wimplicit-function-declaration]
   26 |   return ((int*)(&rindex))[argc];
      |                   ^
/home/runner/work/MightyMike-Android/MightyMike-Android/android/app/.cxx/Debug/1h5k5w5j/arm64-v8a/CMakeFiles/CMakeTmp/CheckSymbolExists.c:26:19: note: include the header <strings.h> or explicitly provide a declaration for 'rindex'
1 error generated.
ninja: build stopped: subcommand failed.


File /home/runner/work/MightyMike-Android/MightyMike-Android/android/app/.cxx/Debug/1h5k5w5j/arm64-v8a/CMakeFiles/CMakeTmp/CheckSymbolExists.c:
/* */
#include <float.h>
#include <iconv.h>
#include <inttypes.h>
#include <limits.h>
#include <malloc.h>
#include <math.h>
#include <memory.h>
#include <signal.h>
#include <stdarg.h>
#include <stdbool.h>
#include <stddef.h>
#include <stdint.h>
#include <stdio.h>
#include <stdlib.h>
#include <string.h>
#include <strings.h>
#include <sys/types.h>
#include <time.h>
#include <wchar.h>

int main(int argc, char** argv)
{
  (void)argv;
#ifndef rindex
  return ((int*)(&rindex))[argc];
#else
  (void)argc;
  return 0;
#endif
}
Determining if the sqr exist failed with the following output:
Change Dir: /home/runner/work/MightyMike-Android/MightyMike-Android/android/app/.cxx/Debug/1h5k5w5j/arm64-v8a/CMakeFiles/CMakeTmp

Run Build Command(s):/usr/local/lib/android/sdk/cmake/3.22.1/bin/ninja cmTC_e30f3 && [1/2] Building C object CMakeFiles/cmTC_e30f3.dir/CheckSymbolExists.c.o
FAILED: CMakeFiles/cmTC_e30f3.dir/CheckSymbolExists.c.o 
/usr/local/lib/android/sdk/ndk/27.2.12479018/toolchains/llvm/prebuilt/linux-x86_64/bin/clang --target=aarch64-none-linux-android24 --sysroot=/usr/local/lib/android/sdk/ndk/27.2.12479018/toolchains/llvm/prebuilt/linux-x86_64/sysroot   -g -DANDROID -fdata-sections -ffunction-sections -funwind-tables -fstack-protector-strong -no-canonical-prefixes -D_FORTIFY_SOURCE=2 -Wformat -Werror=format-security   -D_GNU_SOURCE=1 -fPIE -MD -MT CMakeFiles/cmTC_e30f3.dir/CheckSymbolExists.c.o -MF CMakeFiles/cmTC_e30f3.dir/CheckSymbolExists.c.o.d -o CMakeFiles/cmTC_e30f3.dir/CheckSymbolExists.c.o -c /home/runner/work/MightyMike-Android/MightyMike-Android/android/app/.cxx/Debug/1h5k5w5j/arm64-v8a/CMakeFiles/CMakeTmp/CheckSymbolExists.c
/home/runner/work/MightyMike-Android/MightyMike-Android/android/app/.cxx/Debug/1h5k5w5j/arm64-v8a/CMakeFiles/CMakeTmp/CheckSymbolExists.c:26:19: error: use of undeclared identifier 'sqr'; did you mean 'sqrt'?
   26 |   return ((int*)(&sqr))[argc];
      |                   ^~~
      |                   sqrt
/usr/local/lib/android/sdk/ndk/27.2.12479018/toolchains/llvm/prebuilt/linux-x86_64/sysroot/usr/include/math.h:200:8: note: 'sqrt' declared here
  200 | double sqrt(double __x);
      |        ^
1 error generated.
ninja: build stopped: subcommand failed.


File /home/runner/work/MightyMike-Android/MightyMike-Android/android/app/.cxx/Debug/1h5k5w5j/arm64-v8a/CMakeFiles/CMakeTmp/CheckSymbolExists.c:
/* */
#include <float.h>
#include <iconv.h>
#include <inttypes.h>
#include <limits.h>
#include <malloc.h>
#include <math.h>
#include <memory.h>
#include <signal.h>
#include <stdarg.h>
#include <stdbool.h>
#include <stddef.h>
#include <stdint.h>
#include <stdio.h>
#include <stdlib.h>
#include <string.h>
#include <strings.h>
#include <sys/types.h>
#include <time.h>
#include <wchar.h>

int main(int argc, char** argv)
{
  (void)argv;
#ifndef sqr
  return ((int*)(&sqr))[argc];
#else
  (void)argc;
  return 0;
#endif
}
Determining if the strnstr exist failed with the following output:
Change Dir: /home/runner/work/MightyMike-Android/MightyMike-Android/android/app/.cxx/Debug/1h5k5w5j/arm64-v8a/CMakeFiles/CMakeTmp

Run Build Command(s):/usr/local/lib/android/sdk/cmake/3.22.1/bin/ninja cmTC_6c4ee && [1/2] Building C object CMakeFiles/cmTC_6c4ee.dir/CheckSymbolExists.c.o
FAILED: CMakeFiles/cmTC_6c4ee.dir/CheckSymbolExists.c.o 
/usr/local/lib/android/sdk/ndk/27.2.12479018/toolchains/llvm/prebuilt/linux-x86_64/bin/clang --target=aarch64-none-linux-android24 --sysroot=/usr/local/lib/android/sdk/ndk/27.2.12479018/toolchains/llvm/prebuilt/linux-x86_64/sysroot   -g -DANDROID -fdata-sections -ffunction-sections -funwind-tables -fstack-protector-strong -no-canonical-prefixes -D_FORTIFY_SOURCE=2 -Wformat -Werror=format-security   -D_GNU_SOURCE=1 -fPIE -MD -MT CMakeFiles/cmTC_6c4ee.dir/CheckSymbolExists.c.o -MF CMakeFiles/cmTC_6c4ee.dir/CheckSymbolExists.c.o.d -o CMakeFiles/cmTC_6c4ee.dir/CheckSymbolExists.c.o -c /home/runner/work/MightyMike-Android/MightyMike-Android/android/app/.cxx/Debug/1h5k5w5j/arm64-v8a/CMakeFiles/CMakeTmp/CheckSymbolExists.c
/home/runner/work/MightyMike-Android/MightyMike-Android/android/app/.cxx/Debug/1h5k5w5j/arm64-v8a/CMakeFiles/CMakeTmp/CheckSymbolExists.c:26:19: error: use of undeclared identifier 'strnstr'; did you mean 'strstr'?
   26 |   return ((int*)(&strnstr))[argc];
      |                   ^~~~~~~
      |                   strstr
/usr/local/lib/android/sdk/ndk/27.2.12479018/toolchains/llvm/prebuilt/linux-x86_64/sysroot/usr/include/string.h:117:17: note: 'strstr' declared here
  117 | char* _Nullable strstr(const char* _Nonnull __haystack, const char* _Nonnull __needle) __attribute_pure__;
      |                 ^
1 error generated.
ninja: build stopped: subcommand failed.


File /home/runner/work/MightyMike-Android/MightyMike-Android/android/app/.cxx/Debug/1h5k5w5j/arm64-v8a/CMakeFiles/CMakeTmp/CheckSymbolExists.c:
/* */
#include <float.h>
#include <iconv.h>
#include <inttypes.h>
#include <limits.h>
#include <malloc.h>
#include <math.h>
#include <memory.h>
#include <signal.h>
#include <stdarg.h>
#include <stdbool.h>
#include <stddef.h>
#include <stdint.h>
#include <stdio.h>
#include <stdlib.h>
#include <string.h>
#include <strings.h>
#include <sys/types.h>
#include <time.h>
#include <wchar.h>

int main(int argc, char** argv)
{
  (void)argv;
#ifndef strnstr
  return ((int*)(&strnstr))[argc];
#else
  (void)argc;
  return 0;
#endif
}
Performing C SOURCE FILE Test LIBC_HAS_ISINFF failed with the following output:
Change Dir: /home/runner/work/MightyMike-Android/MightyMike-Android/android/app/.cxx/Debug/1h5k5w5j/arm64-v8a/CMakeFiles/CMakeTmp

Run Build Command(s):/usr/local/lib/android/sdk/cmake/3.22.1/bin/ninja cmTC_9f061 && [1/2] Building C object CMakeFiles/cmTC_9f061.dir/src.c.o
FAILED: CMakeFiles/cmTC_9f061.dir/src.c.o 
/usr/local/lib/android/sdk/ndk/27.2.12479018/toolchains/llvm/prebuilt/linux-x86_64/bin/clang --target=aarch64-none-linux-android24 --sysroot=/usr/local/lib/android/sdk/ndk/27.2.12479018/toolchains/llvm/prebuilt/linux-x86_64/sysroot -DLIBC_HAS_ISINFF  -g -DANDROID -fdata-sections -ffunction-sections -funwind-tables -fstack-protector-strong -no-canonical-prefixes -D_FORTIFY_SOURCE=2 -Wformat -Werror=format-security   -D_GNU_SOURCE=1 -Wfloat-conversion -Werror -fPIE -MD -MT CMakeFiles/cmTC_9f061.dir/src.c.o -MF CMakeFiles/cmTC_9f061.dir/src.c.o.d -o CMakeFiles/cmTC_9f061.dir/src.c.o -c /home/runner/work/MightyMike-Android/MightyMike-Android/android/app/.cxx/Debug/1h5k5w5j/arm64-v8a/CMakeFiles/CMakeTmp/src.c
/home/runner/work/MightyMike-Android/MightyMike-Android/android/app/.cxx/Debug/1h5k5w5j/arm64-v8a/CMakeFiles/CMakeTmp/src.c:5:16: error: call to undeclared function 'isinff'; ISO C99 and later do not support implicit function declarations [-Wimplicit-function-declaration]
    5 |         return isinff(f);
      |                ^
/home/runner/work/MightyMike-Android/MightyMike-Android/android/app/.cxx/Debug/1h5k5w5j/arm64-v8a/CMakeFiles/CMakeTmp/src.c:5:16: note: did you mean 'isinf'?
/usr/local/lib/android/sdk/ndk/27.2.12479018/toolchains/llvm/prebuilt/linux-x86_64/sysroot/usr/include/math.h:322:6: note: 'isinf' declared here
  322 | int (isinf)(double __x) __attribute_const__;
      |      ^
1 error generated.
ninja: build stopped: subcommand failed.


Source file was:

      #include <math.h>
      int main() {
        float f = 3.14159f;
        return isinff(f);
      }
    
Determining if the nl_langinfo exist failed with the following output:
Change Dir: /home/runner/work/MightyMike-Android/MightyMike-Android/android/app/.cxx/Debug/1h5k5w5j/arm64-v8a/CMakeFiles/CMakeTmp

Run Build Command(s):/usr/local/lib/android/sdk/cmake/3.22.1/bin/ninja cmTC_d5088 && [1/2] Building C object CMakeFiles/cmTC_d5088.dir/CheckSymbolExists.c.o
FAILED: CMakeFiles/cmTC_d5088.dir/CheckSymbolExists.c.o 
/usr/local/lib/android/sdk/ndk/27.2.12479018/toolchains/llvm/prebuilt/linux-x86_64/bin/clang --target=aarch64-none-linux-android24 --sysroot=/usr/local/lib/android/sdk/ndk/27.2.12479018/toolchains/llvm/prebuilt/linux-x86_64/sysroot   -g -DANDROID -fdata-sections -ffunction-sections -funwind-tables -fstack-protector-strong -no-canonical-prefixes -D_FORTIFY_SOURCE=2 -Wformat -Werror=format-security   -D_GNU_SOURCE=1 -fPIE -MD -MT CMakeFiles/cmTC_d5088.dir/CheckSymbolExists.c.o -MF CMakeFiles/cmTC_d5088.dir/CheckSymbolExists.c.o.d -o CMakeFiles/cmTC_d5088.dir/CheckSymbolExists.c.o -c /home/runner/work/MightyMike-Android/MightyMike-Android/android/app/.cxx/Debug/1h5k5w5j/arm64-v8a/CMakeFiles/CMakeTmp/CheckSymbolExists.c
/home/runner/work/MightyMike-Android/MightyMike-Android/android/app/.cxx/Debug/1h5k5w5j/arm64-v8a/CMakeFiles/CMakeTmp/CheckSymbolExists.c:8:19: error: use of undeclared identifier 'nl_langinfo'
    8 |   return ((int*)(&nl_langinfo))[argc];
      |                   ^
1 error generated.
ninja: build stopped: subcommand failed.


File /home/runner/work/MightyMike-Android/MightyMike-Android/android/app/.cxx/Debug/1h5k5w5j/arm64-v8a/CMakeFiles/CMakeTmp/CheckSymbolExists.c:
/* */
#include <langinfo.h>

int main(int argc, char** argv)
{
  (void)argv;
#ifndef nl_langinfo
  return ((int*)(&nl_langinfo))[argc];
#else
  (void)argc;
  return 0;
#endif
}
Determining if the sysctlbyname exist failed with the following output:
Change Dir: /home/runner/work/MightyMike-Android/MightyMike-Android/android/app/.cxx/Debug/1h5k5w5j/arm64-v8a/CMakeFiles/CMakeTmp

Run Build Command(s):/usr/local/lib/android/sdk/cmake/3.22.1/bin/ninja cmTC_7e9f9 && [1/2] Building C object CMakeFiles/cmTC_7e9f9.dir/CheckSymbolExists.c.o
FAILED: CMakeFiles/cmTC_7e9f9.dir/CheckSymbolExists.c.o 
/usr/local/lib/android/sdk/ndk/27.2.12479018/toolchains/llvm/prebuilt/linux-x86_64/bin/clang --target=aarch64-none-linux-android24 --sysroot=/usr/local/lib/android/sdk/ndk/27.2.12479018/toolchains/llvm/prebuilt/linux-x86_64/sysroot   -g -DANDROID -fdata-sections -ffunction-sections -funwind-tables -fstack-protector-strong -no-canonical-prefixes -D_FORTIFY_SOURCE=2 -Wformat -Werror=format-security   -D_GNU_SOURCE=1 -fPIE -MD -MT CMakeFiles/cmTC_7e9f9.dir/CheckSymbolExists.c.o -MF CMakeFiles/cmTC_7e9f9.dir/CheckSymbolExists.c.o.d -o CMakeFiles/cmTC_7e9f9.dir/CheckSymbolExists.c.o -c /home/runner/work/MightyMike-Android/MightyMike-Android/android/app/.cxx/Debug/1h5k5w5j/arm64-v8a/CMakeFiles/CMakeTmp/CheckSymbolExists.c
/home/runner/work/MightyMike-Android/MightyMike-Android/android/app/.cxx/Debug/1h5k5w5j/arm64-v8a/CMakeFiles/CMakeTmp/CheckSymbolExists.c:3:10: fatal error: 'sys/sysctl.h' file not found
    3 | #include <sys/sysctl.h>
      |          ^~~~~~~~~~~~~~
1 error generated.
ninja: build stopped: subcommand failed.


File /home/runner/work/MightyMike-Android/MightyMike-Android/android/app/.cxx/Debug/1h5k5w5j/arm64-v8a/CMakeFiles/CMakeTmp/CheckSymbolExists.c:
/* */
#include <sys/types.h>
#include <sys/sysctl.h>

int main(int argc, char** argv)
{
  (void)argv;
#ifndef sysctlbyname
  return ((int*)(&sysctlbyname))[argc];
#else
  (void)argc;
  return 0;
#endif
}
Determining if the elf_aux_info exist failed with the following output:
Change Dir: /home/runner/work/MightyMike-Android/MightyMike-Android/android/app/.cxx/Debug/1h5k5w5j/arm64-v8a/CMakeFiles/CMakeTmp

Run Build Command(s):/usr/local/lib/android/sdk/cmake/3.22.1/bin/ninja cmTC_ad554 && [1/2] Building C object CMakeFiles/cmTC_ad554.dir/CheckSymbolExists.c.o
FAILED: CMakeFiles/cmTC_ad554.dir/CheckSymbolExists.c.o 
/usr/local/lib/android/sdk/ndk/27.2.12479018/toolchains/llvm/prebuilt/linux-x86_64/bin/clang --target=aarch64-none-linux-android24 --sysroot=/usr/local/lib/android/sdk/ndk/27.2.12479018/toolchains/llvm/prebuilt/linux-x86_64/sysroot   -g -DANDROID -fdata-sections -ffunction-sections -funwind-tables -fstack-protector-strong -no-canonical-prefixes -D_FORTIFY_SOURCE=2 -Wformat -Werror=format-security   -D_GNU_SOURCE=1 -fPIE -MD -MT CMakeFiles/cmTC_ad554.dir/CheckSymbolExists.c.o -MF CMakeFiles/cmTC_ad554.dir/CheckSymbolExists.c.o.d -o CMakeFiles/cmTC_ad554.dir/CheckSymbolExists.c.o -c /home/runner/work/MightyMike-Android/MightyMike-Android/android/app/.cxx/Debug/1h5k5w5j/arm64-v8a/CMakeFiles/CMakeTmp/CheckSymbolExists.c
/home/runner/work/MightyMike-Android/MightyMike-Android/android/app/.cxx/Debug/1h5k5w5j/arm64-v8a/CMakeFiles/CMakeTmp/CheckSymbolExists.c:8:19: error: use of undeclared identifier 'elf_aux_info'
    8 |   return ((int*)(&elf_aux_info))[argc];
      |                   ^
1 error generated.
ninja: build stopped: subcommand failed.


File /home/runner/work/MightyMike-Android/MightyMike-Android/android/app/.cxx/Debug/1h5k5w5j/arm64-v8a/CMakeFiles/CMakeTmp/CheckSymbolExists.c:
/* */
#include <sys/auxv.h>

int main(int argc, char** argv)
{
  (void)argv;
#ifndef elf_aux_info
  return ((int*)(&elf_aux_info))[argc];
#else
  (void)argc;
  return 0;
#endif
}
Determining if the memfd_create exist failed with the following output:
Change Dir: /home/runner/work/MightyMike-Android/MightyMike-Android/android/app/.cxx/Debug/1h5k5w5j/arm64-v8a/CMakeFiles/CMakeTmp

Run Build Command(s):/usr/local/lib/android/sdk/cmake/3.22.1/bin/ninja cmTC_e3a3f && [1/2] Building C object CMakeFiles/cmTC_e3a3f.dir/CheckSymbolExists.c.o
FAILED: CMakeFiles/cmTC_e3a3f.dir/CheckSymbolExists.c.o 
/usr/local/lib/android/sdk/ndk/27.2.12479018/toolchains/llvm/prebuilt/linux-x86_64/bin/clang --target=aarch64-none-linux-android24 --sysroot=/usr/local/lib/android/sdk/ndk/27.2.12479018/toolchains/llvm/prebuilt/linux-x86_64/sysroot   -g -DANDROID -fdata-sections -ffunction-sections -funwind-tables -fstack-protector-strong -no-canonical-prefixes -D_FORTIFY_SOURCE=2 -Wformat -Werror=format-security   -D_GNU_SOURCE=1 -fPIE -MD -MT CMakeFiles/cmTC_e3a3f.dir/CheckSymbolExists.c.o -MF CMakeFiles/cmTC_e3a3f.dir/CheckSymbolExists.c.o.d -o CMakeFiles/cmTC_e3a3f.dir/CheckSymbolExists.c.o -c /home/runner/work/MightyMike-Android/MightyMike-Android/android/app/.cxx/Debug/1h5k5w5j/arm64-v8a/CMakeFiles/CMakeTmp/CheckSymbolExists.c
/home/runner/work/MightyMike-Android/MightyMike-Android/android/app/.cxx/Debug/1h5k5w5j/arm64-v8a/CMakeFiles/CMakeTmp/CheckSymbolExists.c:8:19: error: use of undeclared identifier 'memfd_create'
    8 |   return ((int*)(&memfd_create))[argc];
      |                   ^
1 error generated.
ninja: build stopped: subcommand failed.


File /home/runner/work/MightyMike-Android/MightyMike-Android/android/app/.cxx/Debug/1h5k5w5j/arm64-v8a/CMakeFiles/CMakeTmp/CheckSymbolExists.c:
/* */
#include <sys/mman.h>

int main(int argc, char** argv)
{
  (void)argv;
#ifndef memfd_create
  return ((int*)(&memfd_create))[argc];
#else
  (void)argc;
  return 0;
#endif
}
Determining if the posix_spawn_file_actions_addchdir exist failed with the following output:
Change Dir: /home/runner/work/MightyMike-Android/MightyMike-Android/android/app/.cxx/Debug/1h5k5w5j/arm64-v8a/CMakeFiles/CMakeTmp

Run Build Command(s):/usr/local/lib/android/sdk/cmake/3.22.1/bin/ninja cmTC_d8811 && [1/2] Building C object CMakeFiles/cmTC_d8811.dir/CheckSymbolExists.c.o
FAILED: CMakeFiles/cmTC_d8811.dir/CheckSymbolExists.c.o 
/usr/local/lib/android/sdk/ndk/27.2.12479018/toolchains/llvm/prebuilt/linux-x86_64/bin/clang --target=aarch64-none-linux-android24 --sysroot=/usr/local/lib/android/sdk/ndk/27.2.12479018/toolchains/llvm/prebuilt/linux-x86_64/sysroot   -g -DANDROID -fdata-sections -ffunction-sections -funwind-tables -fstack-protector-strong -no-canonical-prefixes -D_FORTIFY_SOURCE=2 -Wformat -Werror=format-security   -D_GNU_SOURCE=1 -fPIE -MD -MT CMakeFiles/cmTC_d8811.dir/CheckSymbolExists.c.o -MF CMakeFiles/cmTC_d8811.dir/CheckSymbolExists.c.o.d -o CMakeFiles/cmTC_d8811.dir/CheckSymbolExists.c.o -c /home/runner/work/MightyMike-Android/MightyMike-Android/android/app/.cxx/Debug/1h5k5w5j/arm64-v8a/CMakeFiles/CMakeTmp/CheckSymbolExists.c
/home/runner/work/MightyMike-Android/MightyMike-Android/android/app/.cxx/Debug/1h5k5w5j/arm64-v8a/CMakeFiles/CMakeTmp/CheckSymbolExists.c:8:19: error: use of undeclared identifier 'posix_spawn_file_actions_addchdir'
    8 |   return ((int*)(&posix_spawn_file_actions_addchdir))[argc];
      |                   ^
1 error generated.
ninja: build stopped: subcommand failed.


File /home/runner/work/MightyMike-Android/MightyMike-Android/android/app/.cxx/Debug/1h5k5w5j/arm64-v8a/CMakeFiles/CMakeTmp/CheckSymbolExists.c:
/* */
#include <spawn.h>

int main(int argc, char** argv)
{
  (void)argv;
#ifndef posix_spawn_file_actions_addchdir
  return ((int*)(&posix_spawn_file_actions_addchdir))[argc];
#else
  (void)argc;
  return 0;
#endif
}
Determining if the posix_spawn_file_actions_addchdir_np exist failed with the following output:
Change Dir: /home/runner/work/MightyMike-Android/MightyMike-Android/android/app/.cxx/Debug/1h5k5w5j/arm64-v8a/CMakeFiles/CMakeTmp

Run Build Command(s):/usr/local/lib/android/sdk/cmake/3.22.1/bin/ninja cmTC_b5c83 && [1/2] Building C object CMakeFiles/cmTC_b5c83.dir/CheckSymbolExists.c.o
FAILED: CMakeFiles/cmTC_b5c83.dir/CheckSymbolExists.c.o 
/usr/local/lib/android/sdk/ndk/27.2.12479018/toolchains/llvm/prebuilt/linux-x86_64/bin/clang --target=aarch64-none-linux-android24 --sysroot=/usr/local/lib/android/sdk/ndk/27.2.12479018/toolchains/llvm/prebuilt/linux-x86_64/sysroot   -g -DANDROID -fdata-sections -ffunction-sections -funwind-tables -fstack-protector-strong -no-canonical-prefixes -D_FORTIFY_SOURCE=2 -Wformat -Werror=format-security   -D_GNU_SOURCE=1 -fPIE -MD -MT CMakeFiles/cmTC_b5c83.dir/CheckSymbolExists.c.o -MF CMakeFiles/cmTC_b5c83.dir/CheckSymbolExists.c.o.d -o CMakeFiles/cmTC_b5c83.dir/CheckSymbolExists.c.o -c /home/runner/work/MightyMike-Android/MightyMike-Android/android/app/.cxx/Debug/1h5k5w5j/arm64-v8a/CMakeFiles/CMakeTmp/CheckSymbolExists.c
/home/runner/work/MightyMike-Android/MightyMike-Android/android/app/.cxx/Debug/1h5k5w5j/arm64-v8a/CMakeFiles/CMakeTmp/CheckSymbolExists.c:8:19: error: use of undeclared identifier 'posix_spawn_file_actions_addchdir_np'
    8 |   return ((int*)(&posix_spawn_file_actions_addchdir_np))[argc];
      |                   ^
1 error generated.
ninja: build stopped: subcommand failed.


File /home/runner/work/MightyMike-Android/MightyMike-Android/android/app/.cxx/Debug/1h5k5w5j/arm64-v8a/CMakeFiles/CMakeTmp/CheckSymbolExists.c:
/* */
#include <spawn.h>

int main(int argc, char** argv)
{
  (void)argv;
#ifndef posix_spawn_file_actions_addchdir_np
  return ((int*)(&posix_spawn_file_actions_addchdir_np))[argc];
#else
  (void)argc;
  return 0;
#endif
}
Performing C SOURCE FILE Test ICONV_IN_LIBC failed with the following output:
Change Dir: /home/runner/work/MightyMike-Android/MightyMike-Android/android/app/.cxx/Debug/1h5k5w5j/arm64-v8a/CMakeFiles/CMakeTmp

Run Build Command(s):/usr/local/lib/android/sdk/cmake/3.22.1/bin/ninja cmTC_8b003 && [1/2] Building C object CMakeFiles/cmTC_8b003.dir/src.c.o
FAILED: CMakeFiles/cmTC_8b003.dir/src.c.o 
/usr/local/lib/android/sdk/ndk/27.2.12479018/toolchains/llvm/prebuilt/linux-x86_64/bin/clang --target=aarch64-none-linux-android24 --sysroot=/usr/local/lib/android/sdk/ndk/27.2.12479018/toolchains/llvm/prebuilt/linux-x86_64/sysroot -DICONV_IN_LIBC  -g -DANDROID -fdata-sections -ffunction-sections -funwind-tables -fstack-protector-strong -no-canonical-prefixes -D_FORTIFY_SOURCE=2 -Wformat -Werror=format-security   -D_GNU_SOURCE=1 -fPIE -MD -MT CMakeFiles/cmTC_8b003.dir/src.c.o -MF CMakeFiles/cmTC_8b003.dir/src.c.o.d -o CMakeFiles/cmTC_8b003.dir/src.c.o -c /home/runner/work/MightyMike-Android/MightyMike-Android/android/app/.cxx/Debug/1h5k5w5j/arm64-v8a/CMakeFiles/CMakeTmp/src.c
/home/runner/work/MightyMike-Android/MightyMike-Android/android/app/.cxx/Debug/1h5k5w5j/arm64-v8a/CMakeFiles/CMakeTmp/src.c:6:21: error: call to undeclared function 'iconv_open'; ISO C99 and later do not support implicit function declarations [-Wimplicit-function-declaration]
    6 |             return !iconv_open(NULL,NULL);
      |                     ^
1 error generated.
ninja: build stopped: subcommand failed.


Source file was:

        #define LIBICONV_PLUG 1 /* in case libiconv header is in include path */
        #include <stddef.h>
        #include <iconv.h>
        int main(int argc, char **argv) {
            return !iconv_open(NULL,NULL);
        }
Performing C SOURCE FILE Test ICONV_IN_LIBICONV failed with the following output:
Change Dir: /home/runner/work/MightyMike-Android/MightyMike-Android/android/app/.cxx/Debug/1h5k5w5j/arm64-v8a/CMakeFiles/CMakeTmp

Run Build Command(s):/usr/local/lib/android/sdk/cmake/3.22.1/bin/ninja cmTC_b75af && [1/2] Building C object CMakeFiles/cmTC_b75af.dir/src.c.o
FAILED: CMakeFiles/cmTC_b75af.dir/src.c.o 
/usr/local/lib/android/sdk/ndk/27.2.12479018/toolchains/llvm/prebuilt/linux-x86_64/bin/clang --target=aarch64-none-linux-android24 --sysroot=/usr/local/lib/android/sdk/ndk/27.2.12479018/toolchains/llvm/prebuilt/linux-x86_64/sysroot -DICONV_IN_LIBICONV  -g -DANDROID -fdata-sections -ffunction-sections -funwind-tables -fstack-protector-strong -no-canonical-prefixes -D_FORTIFY_SOURCE=2 -Wformat -Werror=format-security   -D_GNU_SOURCE=1 -fPIE -MD -MT CMakeFiles/cmTC_b75af.dir/src.c.o -MF CMakeFiles/cmTC_b75af.dir/src.c.o.d -o CMakeFiles/cmTC_b75af.dir/src.c.o -c /home/runner/work/MightyMike-Android/MightyMike-Android/android/app/.cxx/Debug/1h5k5w5j/arm64-v8a/CMakeFiles/CMakeTmp/src.c
/home/runner/work/MightyMike-Android/MightyMike-Android/android/app/.cxx/Debug/1h5k5w5j/arm64-v8a/CMakeFiles/CMakeTmp/src.c:5:21: error: call to undeclared function 'iconv_open'; ISO C99 and later do not support implicit function declarations [-Wimplicit-function-declaration]
    5 |             return !iconv_open(NULL,NULL);
      |                     ^
1 error generated.
ninja: build stopped: subcommand failed.


Source file was:

        #include <stddef.h>
        #include <iconv.h>
        int main(int argc, char **argv) {
            return !iconv_open(NULL,NULL);
        }
Performing C SOURCE FILE Test HAVE_ARM_MODE failed with the following output:
Change Dir: /home/runner/work/MightyMike-Android/MightyMike-Android/android/app/.cxx/Debug/1h5k5w5j/arm64-v8a/CMakeFiles/CMakeTmp

Run Build Command(s):/usr/local/lib/android/sdk/cmake/3.22.1/bin/ninja cmTC_0cb77 && [1/2] Building C object CMakeFiles/cmTC_0cb77.dir/src.c.o
FAILED: CMakeFiles/cmTC_0cb77.dir/src.c.o 
/usr/local/lib/android/sdk/ndk/27.2.12479018/toolchains/llvm/prebuilt/linux-x86_64/bin/clang --target=aarch64-none-linux-android24 --sysroot=/usr/local/lib/android/sdk/ndk/27.2.12479018/toolchains/llvm/prebuilt/linux-x86_64/sysroot -DHAVE_ARM_MODE  -g -DANDROID -fdata-sections -ffunction-sections -funwind-tables -fstack-protector-strong -no-canonical-prefixes -D_FORTIFY_SOURCE=2 -Wformat -Werror=format-security   -D_GNU_SOURCE=1 -Werror=unused-command-line-argument -fPIE   -marm -MD -MT CMakeFiles/cmTC_0cb77.dir/src.c.o -MF CMakeFiles/cmTC_0cb77.dir/src.c.o.d -o CMakeFiles/cmTC_0cb77.dir/src.c.o -c /home/runner/work/MightyMike-Android/MightyMike-Android/android/app/.cxx/Debug/1h5k5w5j/arm64-v8a/CMakeFiles/CMakeTmp/src.c
clang: error: unsupported option '-mno-thumb' for target 'aarch64-none-linux-android24'
ninja: build stopped: subcommand failed.


Source file was:
int main(void) { return 0; }
Determining if the include file pthread_np.h exists failed with the following output:
Change Dir: /home/runner/work/MightyMike-Android/MightyMike-Android/android/app/.cxx/Debug/1h5k5w5j/arm64-v8a/CMakeFiles/CMakeTmp

Run Build Command(s):/usr/local/lib/android/sdk/cmake/3.22.1/bin/ninja cmTC_ecee3 && [1/2] Building C object CMakeFiles/cmTC_ecee3.dir/CheckIncludeFile.c.o
FAILED: CMakeFiles/cmTC_ecee3.dir/CheckIncludeFile.c.o 
/usr/local/lib/android/sdk/ndk/27.2.12479018/toolchains/llvm/prebuilt/linux-x86_64/bin/clang --target=aarch64-none-linux-android24 --sysroot=/usr/local/lib/android/sdk/ndk/27.2.12479018/toolchains/llvm/prebuilt/linux-x86_64/sysroot   -g -DANDROID -fdata-sections -ffunction-sections -funwind-tables -fstack-protector-strong -no-canonical-prefixes -D_FORTIFY_SOURCE=2 -Wformat -Werror=format-security   -D_GNU_SOURCE=1 -fPIE -MD -MT CMakeFiles/cmTC_ecee3.dir/CheckIncludeFile.c.o -MF CMakeFiles/cmTC_ecee3.dir/CheckIncludeFile.c.o.d -o CMakeFiles/cmTC_ecee3.dir/CheckIncludeFile.c.o -c /home/runner/work/MightyMike-Android/MightyMike-Android/android/app/.cxx/Debug/1h5k5w5j/arm64-v8a/CMakeFiles/CMakeTmp/CheckIncludeFile.c
/home/runner/work/MightyMike-Android/MightyMike-Android/android/app/.cxx/Debug/1h5k5w5j/arm64-v8a/CMakeFiles/CMakeTmp/CheckIncludeFile.c:1:10: fatal error: 'pthread_np.h' file not found
    1 | #include <pthread_np.h>
      |          ^~~~~~~~~~~~~~
1 error generated.
ninja: build stopped: subcommand failed.



